// Jest Snapshot v1, https://goo.gl/fbAQLP

exports[`Should render Edit Expense Page 1`] = `
<div>
  <ExpenseForm
    expense={
      Object {
        "amount": 9999,
        "createdAt": 345600000,
        "description": "Credit card",
        "id": "3",
        "note": "",
      }
    }
    onSubmitJD={[Function]}
  />
  <button
    onClick={[Function]}
  >
    Remove
  </button>
</div>
`;
